{
  "ap2_version": "0.1.0",
  "intent": {
    "actor": "human",
    "intent_type": "purchase",
    "channel": "web",
    "agent_presence": "none",
    "timestamps": {
      "created": "2024-01-15 14:45:00+00:00",
      "expires": "2024-01-15 15:45:00+00:00"
    },
    "nonce": "8730f9b4-8028-8868-e3cb-ffbe0fd1a180",
    "metadata": null
  },
  "cart": {
    "items": [
      {
        "id": "item_002",
        "name": "MacBook Pro 16-inch",
        "description": null,
        "quantity": 1,
        "unit_price": "2499.00",
        "total_price": "2499.00",
        "category": null,
        "sku": null
      }
    ],
    "amount": "2499.00",
    "currency": "USD",
    "mcc": "5732",
    "geo": {
      "country": "US",
      "region": null,
      "city": null,
      "latitude": null,
      "longitude": null,
      "timezone": null
    },
    "risk_flags": [],
    "metadata": null
  },
  "payment": {
    "instrument_ref": "card_mastercard_****5678",
    "instrument_token": null,
    "modality": "immediate",
    "constraints": null,
    "routing_hints": [],
    "auth_requirements": [
      "pin",
      "biometric"
    ],
    "metadata": null
  },
  "decision": {
    "result": "REVIEW",
    "risk_score": 0.36,
    "reasons": [
      {
        "code": "high_ticket",
        "detail": "Transaction amount $2499.00 exceeds $500.0 threshold"
      },
      {
        "code": "online_verification",
        "detail": "Online card transaction requires additional verification"
      }
    ],
    "actions": [
      {
        "type": "manual_review",
        "to": null,
        "detail": "Transaction requires review"
      },
      {
        "type": "step_up_auth",
        "to": null,
        "detail": "Card verification required"
      },
      {
        "type": "process_payment",
        "to": null,
        "detail": "Biometric authentication verified"
      }
    ],
    "meta": {
      "model": "xgboost",
      "model_version": "1.0.0",
      "model_sha256": "4c8b4f96c5dce7b9",
      "model_trained_on": "2024-01-01",
      "trace_id": "golden-trace-review_card_high_amount",
      "processing_time_ms": 0.0,
      "version": "0.1.0",
      "rules_evaluated": [],
      "feature_snapshot": {}
    }
  },
  "signing": {
    "vc_proof": null,
    "receipt_hash": null
  },
  "ml_prediction": {
    "risk_score": 0.012244152215619883,
    "key_signals": [
      {
        "feature_name": "amount",
        "ap2_path": "cart.amount",
        "value": 2499.0,
        "importance": 0.03689694404602051,
        "contribution": 1.1289777261775213
      },
      {
        "feature_name": "customer_age_days",
        "ap2_path": "customer.age_days",
        "value": 365.0,
        "importance": 0.03622858598828316,
        "contribution": 0.16190973730998262
      },
      {
        "feature_name": "time_since_last_purchase",
        "ap2_path": "customer.time_since_last_purchase",
        "value": 7.0,
        "importance": 0.030877450481057167,
        "contribution": 0.002646477426042305
      },
      {
        "feature_name": "velocity_7d",
        "ap2_path": "velocity.7d",
        "value": 3.0,
        "importance": 0.04688887670636177,
        "contribution": 0.0017223436308363808
      },
      {
        "feature_name": "velocity_24h",
        "ap2_path": "velocity.24h",
        "value": 1.0,
        "importance": 0.09366224706172943,
        "contribution": 0.0011468148098808112
      }
    ],
    "model_meta": {
      "model_version": "1.0.0",
      "model_sha256": "4c8b4f96c5dce7b9",
      "trained_on": "2024-01-01",
      "thresholds": {
        "amount": 500.0,
        "velocity_24h": 3.0,
        "cross_border": 0.5,
        "location_mismatch": 0.5,
        "payment_method_risk": 0.7,
        "chargebacks_12m": 1.0
      },
      "feature_count": 10
    },
    "shap_values": {
      "explanations": [
        {
          "feature_name": "chargebacks_12m",
          "ap2_path": "customer.chargebacks_12m",
          "shap_value": -2.027299165725708
        },
        {
          "feature_name": "amount",
          "ap2_path": "cart.amount",
          "shap_value": 1.2412179708480835
        },
        {
          "feature_name": "location_mismatch",
          "ap2_path": "cart.geo.location_mismatch",
          "shap_value": -0.45518195629119873
        },
        {
          "feature_name": "loyalty_score",
          "ap2_path": "customer.loyalty_score",
          "shap_value": 0.444916307926178
        },
        {
          "feature_name": "cross_border",
          "ap2_path": "cart.geo.cross_border",
          "shap_value": -0.4242066740989685
        },
        {
          "feature_name": "velocity_24h",
          "ap2_path": "velocity.24h",
          "shap_value": -0.34248748421669006
        },
        {
          "feature_name": "velocity_7d",
          "ap2_path": "velocity.7d",
          "shap_value": -0.2784551978111267
        },
        {
          "feature_name": "customer_age_days",
          "ap2_path": "customer.age_days",
          "shap_value": 0.2649304270744324
        },
        {
          "feature_name": "payment_method_risk",
          "ap2_path": "payment.method_risk",
          "shap_value": -0.22654728591442108
        },
        {
          "feature_name": "time_since_last_purchase",
          "ap2_path": "customer.time_since_last_purchase",
          "shap_value": 0.16051463782787323
        }
      ],
      "base_value": -3.3935773372650146
    }
  }
}
